Microsoft Windows [Version 10.0.19044.2846]
(c) Microsoft Corporation. All rights reserved.

C:\Users\IET\Desktop\Software-Development>git status
On branch main
Your branch is up to date with 'origin/main'.

Untracked files:
  (use "git add <file>..." to include in what will be committed)
        docker file commands.txt

nothing added to commit but untracked files present (use "git add" to track)

C:\Users\IET\Desktop\Software-Development>git add .

C:\Users\IET\Desktop\Software-Development>git status
On branch main
Your branch is up to date with 'origin/main'.

Changes to be committed:
  (use "git restore --staged <file>..." to unstage)
        new file:   docker file commands.txt


C:\Users\IET\Desktop\Software-Development>git commit -m "uploading docker file"
[main 1cef8fc] uploading docker file
 1 file changed, 0 insertions(+), 0 deletions(-)
 create mode 100644 docker file commands.txt

C:\Users\IET\Desktop\Software-Development>git status
On branch main
Your branch is ahead of 'origin/main' by 1 commit.
  (use "git push" to publish your local commits)

nothing to commit, working tree clean

C:\Users\IET\Desktop\Software-Development>git push
Enumerating objects: 4, done.
Counting objects: 100% (4/4), done.
Delta compression using up to 4 threads
Compressing objects: 100% (2/2), done.
Writing objects: 100% (3/3), 297 bytes | 297.00 KiB/s, done.
Total 3 (delta 1), reused 0 (delta 0), pack-reused 0
remote: Resolving deltas: 100% (1/1), completed with 1 local object.
To https://github.com/VrushaliDashputre/Software-Development.git
   9df5150..1cef8fc  main -> main

C:\Users\IET\Desktop\Software-Development>
